{
  "all_exact_checks_passed": true,
  "maximum_order": 60,
  "scope": "all forests, all maximum degrees and component counts; unimodality, not full log-concavity",
  "scalar_parameter_cases": 17100,
  "case_counts": {
    "path_matching": 6724,
    "lower": 5709,
    "upper": 2090,
    "negative": 158,
    "separator": 670,
    "positive": 603,
    "conditional": 1146
  },
  "stored_cases": 2577,
  "algebra_cases": 1907,
  "algebra_weight_terms": 142017,
  "largest_common_denominator_digits": 68,
  "minimum_normalized_algebra_margin": "953977/42042000000",
  "worst_case_n_alpha_k": [
    34,
    19,
    10
  ],
  "per_order_parameter_cases": {
    "2": 0,
    "3": 0,
    "4": 1,
    "5": 3,
    "6": 5,
    "7": 7,
    "8": 11,
    "9": 13,
    "10": 18,
    "11": 22,
    "12": 28,
    "13": 32,
    "14": 40,
    "15": 44,
    "16": 53,
    "17": 59,
    "18": 69,
    "19": 75,
    "20": 87,
    "21": 93,
    "22": 106,
    "23": 114,
    "24": 128,
    "25": 136,
    "26": 152,
    "27": 160,
    "28": 177,
    "29": 187,
    "30": 205,
    "31": 215,
    "32": 235,
    "33": 245,
    "34": 266,
    "35": 278,
    "36": 300,
    "37": 312,
    "38": 336,
    "39": 348,
    "40": 373,
    "41": 387,
    "42": 413,
    "43": 427,
    "44": 455,
    "45": 469,
    "46": 498,
    "47": 514,
    "48": 544,
    "49": 560,
    "50": 592,
    "51": 608,
    "52": 641,
    "53": 659,
    "54": 693,
    "55": 711,
    "56": 747,
    "57": 765,
    "58": 802,
    "59": 822,
    "60": 860
  },
  "certificate_sha256": "a77f4fc43aec1b8eecab91c4418b6990f72dee69d802129c78efd67d2e1bcc5a",
  "seconds": 23.877,
  "uses_optimizer": false,
  "uses_graph_catalogue": false
}
